[INFO] Scanning for projects...
[INFO] 
[INFO] --------------< org.apache.logging.log4j:log4j-api-test >---------------
[INFO] Building Apache Log4j API Tests 2.26.0-SNAPSHOT
[INFO]   from pom.xml
[INFO] --------------------------------[ jar ]---------------------------------
[WARNING] The POM for org.apache.logging.log4j:log4j-api:jar:2.26.0-SNAPSHOT is missing, no dependency information available
[INFO] ------------------------------------------------------------------------
[INFO] BUILD FAILURE
[INFO] ------------------------------------------------------------------------
[INFO] Total time:  2.655 s
[INFO] Finished at: 2026-03-28T08:59:23+01:00
[INFO] ------------------------------------------------------------------------
[ERROR] Failed to execute goal on project log4j-api-test: Could not resolve dependencies for project org.apache.logging.log4j:log4j-api-test:jar:2.26.0-SNAPSHOT
[ERROR] dependency: org.apache.logging.log4j:log4j-api:jar:2.26.0-SNAPSHOT (compile)
[ERROR] 	Could not find artifact org.apache.logging.log4j:log4j-api:jar:2.26.0-SNAPSHOT
[ERROR] -> [Help 1]
[ERROR] 
[ERROR] To see the full stack trace of the errors, re-run Maven with the -e switch.
[ERROR] Re-run Maven using the -X switch to enable full debug logging.
[ERROR] 
[ERROR] For more information about the errors and possible solutions, please read the following articles:
[ERROR] [Help 1] http://cwiki.apache.org/confluence/display/MAVEN/DependencyResolutionException
