[INFO] Scanning for projects...
[INFO] 
[INFO] -----------------------< commons-io:commons-io >------------------------
[INFO] Building Apache Commons IO 2.22.0-SNAPSHOT
[INFO]   from pom.xml
[INFO] --------------------------------[ jar ]---------------------------------
[INFO] 
[INFO] --- enforcer:3.6.2:enforce (enforce-maven-version) @ commons-io ---
[INFO] Rule 0: org.apache.maven.enforcer.rules.version.RequireMavenVersion passed
[INFO] 
[INFO] --- enforcer:3.6.2:enforce (enforce-java-version) @ commons-io ---
[INFO] Rule 0: org.apache.maven.enforcer.rules.version.RequireJavaVersion passed
[INFO] 
[INFO] --- apache-rat:0.17:check (rat-check) @ commons-io ---
[WARNING] Basedir is : C:\VoxxedDays\GitRepos\commons-io-master
[INFO] Excluding patterns: src/test/resources/**/*.bin, src/test/resources/dir-equals-tests/**, test/**, site-content/**, .checkstyle, .fbprefs, .pmd, .asf.yaml, .gitattributes, src/site/resources/download_*.cgi, maven-eclipse.xml, .externalToolBuilders/**, .vscode/**, .project, .classpath, .settings/**, **/*.svg, **/*.xcf
[INFO] Excluding MAVEN collection.
[INFO] Excluding ECLIPSE collection.
[INFO] Excluding IDEA collection.
[INFO] Processing exclude file from STANDARD_SCMS.
[INFO] Excluding STANDARD_SCMS collection.
[INFO] Excluding MISC collection.
[INFO] Excluding HIDDEN_DIR collection.
[INFO] RAT summary:
[INFO] 
  Approved:  602
[INFO] 
  Archives:  7
[INFO] 
  Binaries:  4
[INFO] 
  Document types:  5
[INFO] 
  Ignored:  46
[INFO] 
  License categories:  1
[INFO] 
  License names:  1
[INFO] 
  Notices:  3
[INFO] 
  Standards:  602
[INFO] 
  Unapproved:  0
[INFO] 
  Unknown:  0
[INFO] 
[INFO] --- artifact:3.6.1:check-buildplan (check-buildplan) @ commons-io ---
[INFO] No known issue in 20 plugins
[INFO] 
[INFO] --- build-helper:3.6.1:parse-version (parse-version) @ commons-io ---
[INFO] 
[INFO] --- antrun:3.2.0:run (javadoc.resources) @ commons-io ---
[INFO] Executing tasks
[INFO] Executed tasks
[INFO] 
[INFO] --- remote-resources:3.3.0:process (process-resource-bundles) @ commons-io ---
[INFO] Skipping remote resources execution.
[INFO] 
[INFO] --- resources:3.4.0:resources (default-resources) @ commons-io ---
[INFO] skip non existing resourceDirectory C:\VoxxedDays\GitRepos\commons-io-master\src\main\resources
[INFO] Copying 2 resources from . to target\classes\META-INF
[INFO] 
[INFO] --- compiler:3.15.0:compile (default-compile) @ commons-io ---
[INFO] Nothing to compile - all classes are up to date.
[INFO] 
[INFO] --- bundle:6.0.0:manifest (bundle-manifest) @ commons-io ---
[INFO] Writing manifest: C:\VoxxedDays\GitRepos\commons-io-master\target\osgi\MANIFEST.MF
[INFO] 
[INFO] --- resources:3.4.0:testResources (default-testResources) @ commons-io ---
[INFO] Copying 68 resources from src\test\resources to target\test-classes
[INFO] Copying 2 resources from . to target\test-classes\META-INF
[INFO] 
[INFO] --- compiler:3.15.0:testCompile (default-testCompile) @ commons-io ---
[INFO] Nothing to compile - all classes are up to date.
[INFO] 
[INFO] --- jacoco:0.8.14:prepare-agent (prepare-agent) @ commons-io ---
[INFO] argLine set to -javaagent:C:\\VoxxedDays\\flamegraph\\.m2\\repository\\org\\jacoco\\org.jacoco.agent\\0.8.14\\org.jacoco.agent-0.8.14-runtime.jar=destfile=C:\\VoxxedDays\\GitRepos\\commons-io-master\\target\\jacoco.exec
[INFO] 
[INFO] --- surefire:3.5.5:test (default-test) @ commons-io ---
[INFO] Using auto detected provider org.apache.maven.surefire.junitplatform.JUnitPlatformProvider
[INFO] 
[INFO] -------------------------------------------------------
[INFO]  T E S T S
[INFO] -------------------------------------------------------
[INFO] Running org.apache.commons.io.input.TailerTest
[INFO] Tests run: 27, Failures: 0, Errors: 0, Skipped: 0, Time elapsed: 23.80 s -- in org.apache.commons.io.input.TailerTest
[INFO] 
[INFO] Results:
[INFO] 
[INFO] Tests run: 27, Failures: 0, Errors: 0, Skipped: 0
[INFO] 
[WARNING] Corrupted channel by directly writing to native stream in forked JVM 1. See FAQ web page and the dump file C:\VoxxedDays\GitRepos\commons-io-master\target\surefire-reports\2026-03-28T07-46-00_079-jvmRun1.dumpstream
[INFO] ------------------------------------------------------------------------
[INFO] BUILD SUCCESS
[INFO] ------------------------------------------------------------------------
[INFO] Total time:  01:02 min
[INFO] Finished at: 2026-03-28T07:46:27+01:00
[INFO] ------------------------------------------------------------------------
